// Vitest Snapshot v1, https://vitest.dev/guide/snapshot.html

exports[`ObservatorySidebar > hides the Review group and Settings when Focus is selected 1`] = `
<div>
  <aside
    class="w-[220px] shrink-0 flex flex-col gap-4 overflow-auto border-r border-paper-edge bg-paper px-3 py-5"
    data-component="observatory-sidebar"
  >
    <div
      class="px-1"
    >
      <div
        class="flex items-center gap-2"
      >
        <img
          alt=""
          class="h-7 w-7 select-none"
          data-component="wordmark-mark"
          draggable="false"
          src="/sensei.svg"
        />
         
        <span
          class="font-display font-normal tracking-tight text-ink text-base"
          data-component="wordmark-word"
        >
          sensei
        </span>
      </div>
      <!---->
    </div>
     
    <div
      class="flex items-center gap-2 px-2"
    >
      <span
        class="text-xs tracking-[0.18em] uppercase text-ink-mute"
        data-component="eyebrow"
      >
        Observatory
        <!---->
      </span>
      <!---->
       
      <span
        class="flex-1"
      />
       
      <!---->
      <div
        aria-label="Selection"
        data-toggle=""
        data-toggle-labels="true"
        data-toggle-size="sm"
        data-toggle-variant="group"
        role="radiogroup"
      >
        <button
          aria-checked="true"
          aria-label="All"
          data-path="0"
          data-selected="true"
          data-toggle-option=""
          role="radio"
          title="All"
          type="button"
        >
          <!---->
          <!---->
           
          <span
            data-toggle-label=""
          >
            All
          </span>
          <!---->
          <!---->
        </button>
        <button
          aria-checked="false"
          aria-label="Focus"
          data-path="1"
          data-toggle-option=""
          role="radio"
          title="Focus"
          type="button"
        >
          <!---->
          <!---->
           
          <span
            data-toggle-label=""
          >
            Focus
          </span>
          <!---->
          <!---->
        </button>
        
      </div>
      
      <!---->
    </div>
     
    <nav
      aria-label="List"
      data-list=""
      data-size="md"
    >
      <!---->
      <a
        aria-current="page"
        data-active="true"
        data-level="1"
        data-list-item=""
        data-path="0"
        href="/"
      >
        <!---->
        <!---->
        <!---->
        <span
          aria-hidden="true"
          data-item-icon-literal=""
        >
          家
        </span>
        
        
        <!---->
         
        <span
          data-item-text=""
        >
          <span
            data-item-label=""
          >
            Today
          </span>
           
          <!---->
        </span>
        <!---->
         
        <!---->
         
        <!---->
        <!---->
      </a>
      
      <!---->
      <a
        data-level="1"
        data-list-item=""
        data-path="1"
        href="/projects"
      >
        <!---->
        <!---->
        <!---->
        <span
          aria-hidden="true"
          data-item-icon-literal=""
        >
          場
        </span>
        
        
        <!---->
         
        <span
          data-item-text=""
        >
          <span
            data-item-label=""
          >
            Projects
          </span>
           
          <!---->
        </span>
        <!---->
         
        <!---->
         
        <!---->
        <!---->
      </a>
      
      <!---->
      <button
        aria-expanded="true"
        data-accordion-trigger=""
        data-level="1"
        data-list-group=""
        data-path="2"
        disabled=""
        type="button"
      >
        <!---->
        <!---->
        
        <!---->
         
        <span
          data-item-text=""
        >
          <span
            data-item-label=""
          >
            Needs you
          </span>
           
          <!---->
        </span>
        <!---->
         
        <!---->
         
        <!---->
        <!---->
         
        <!---->
        
        <!---->
      </button>
      
      <!---->
      <a
        data-level="2"
        data-list-item=""
        data-path="2-0"
        href="/insights"
      >
        <!---->
        <!---->
        <!---->
        <span
          aria-hidden="true"
          data-item-icon-literal=""
        >
          今
        </span>
        
        
        <!---->
         
        <span
          data-item-text=""
        >
          <span
            data-item-label=""
          >
            Insights
          </span>
           
          <!---->
        </span>
        <!---->
         
        <!---->
         
        <!---->
        <!---->
      </a>
      
      <!---->
      <a
        data-level="2"
        data-list-item=""
        data-path="2-1"
        href="/learnings"
      >
        <!---->
        <!---->
        <!---->
        <span
          aria-hidden="true"
          data-item-icon-literal=""
        >
          覚
        </span>
        
        
        <!---->
         
        <span
          data-item-text=""
        >
          <span
            data-item-label=""
          >
            Memories
          </span>
           
          <!---->
        </span>
        <!---->
         
        <!---->
         
        <!---->
        <!---->
      </a>
      
      <!---->
      <a
        data-level="2"
        data-list-item=""
        data-path="2-2"
        href="/impact"
      >
        <!---->
        <!---->
        <!---->
        <span
          aria-hidden="true"
          data-item-icon-literal=""
        >
          果
        </span>
        
        
        <!---->
         
        <span
          data-item-text=""
        >
          <span
            data-item-label=""
          >
            Impact
          </span>
           
          <!---->
        </span>
        <!---->
         
        <!---->
         
        <!---->
        <!---->
      </a>
      
      <!---->
      <a
        data-level="2"
        data-list-item=""
        data-path="2-3"
        href="/traceability"
      >
        <!---->
        <!---->
        <!---->
        <span
          aria-hidden="true"
          data-item-icon-literal=""
        >
          巻
        </span>
        
        
        <!---->
         
        <span
          data-item-text=""
        >
          <span
            data-item-label=""
          >
            Traceability
          </span>
           
          <!---->
        </span>
        <!---->
         
        <!---->
         
        <!---->
        <!---->
      </a>
      
      <!---->
      <a
        data-level="2"
        data-list-item=""
        data-path="2-4"
        href="/upgrades"
      >
        <!---->
        <!---->
        <!---->
        <span
          aria-hidden="true"
          data-item-icon-literal=""
        >
          贈
        </span>
        
        
        <!---->
         
        <span
          data-item-text=""
        >
          <span
            data-item-label=""
          >
            Upgrades
          </span>
           
          <!---->
        </span>
        <!---->
         
        <!---->
         
        <!---->
        <!---->
      </a>
      
      <!---->
      <button
        aria-expanded="true"
        data-accordion-trigger=""
        data-level="1"
        data-list-group=""
        data-path="3"
        disabled=""
        type="button"
      >
        <!---->
        <!---->
        
        <!---->
         
        <span
          data-item-text=""
        >
          <span
            data-item-label=""
          >
            Review
          </span>
           
          <!---->
        </span>
        <!---->
         
        <!---->
         
        <!---->
        <!---->
         
        <!---->
        
        <!---->
      </button>
      
      <!---->
      <a
        data-level="2"
        data-list-item=""
        data-path="3-0"
        href="/sessions"
      >
        <!---->
        <!---->
        <!---->
        <span
          aria-hidden="true"
          data-item-icon-literal=""
        >
          録
        </span>
        
        
        <!---->
         
        <span
          data-item-text=""
        >
          <span
            data-item-label=""
          >
            Sessions
          </span>
           
          <!---->
        </span>
        <!---->
         
        <!---->
         
        <!---->
        <!---->
      </a>
      
      <!---->
      <a
        data-level="2"
        data-list-item=""
        data-path="3-1"
        href="/libraries"
      >
        <!---->
        <!---->
        <!---->
        <span
          aria-hidden="true"
          data-item-icon-literal=""
        >
          庫
        </span>
        
        
        <!---->
         
        <span
          data-item-text=""
        >
          <span
            data-item-label=""
          >
            Libraries
          </span>
           
          <!---->
        </span>
        <!---->
         
        <!---->
         
        <!---->
        <!---->
      </a>
      
      <!---->
      <a
        data-level="2"
        data-list-item=""
        data-path="3-2"
        href="/consolidation"
      >
        <!---->
        <!---->
        <!---->
        <span
          aria-hidden="true"
          data-item-icon-literal=""
        >
          統
        </span>
        
        
        <!---->
         
        <span
          data-item-text=""
        >
          <span
            data-item-label=""
          >
            Consolidation
          </span>
           
          <!---->
        </span>
        <!---->
         
        <!---->
         
        <!---->
        <!---->
      </a>
      
      <!---->
      <a
        data-level="2"
        data-list-item=""
        data-path="3-3"
        href="/instruments"
      >
        <!---->
        <!---->
        <!---->
        <span
          aria-hidden="true"
          data-item-icon-literal=""
        >
          具
        </span>
        
        
        <!---->
         
        <span
          data-item-text=""
        >
          <span
            data-item-label=""
          >
            Instruments
          </span>
           
          <!---->
        </span>
        <!---->
         
        <!---->
         
        <!---->
        <!---->
      </a>
      
      <!---->
      <a
        data-level="2"
        data-list-item=""
        data-path="3-4"
        href="/activity-logs"
      >
        <!---->
        <!---->
        <!---->
        <span
          aria-hidden="true"
          data-item-icon-literal=""
        >
          診
        </span>
        
        
        <!---->
         
        <span
          data-item-text=""
        >
          <span
            data-item-label=""
          >
            Logs
          </span>
           
          <!---->
        </span>
        <!---->
         
        <!---->
         
        <!---->
        <!---->
      </a>
      
      <!---->
      <a
        data-level="2"
        data-list-item=""
        data-path="3-5"
        href="/dojo/connections"
      >
        <!---->
        <!---->
        <!---->
        <span
          aria-hidden="true"
          data-item-icon-literal=""
        >
          結
        </span>
        
        
        <!---->
         
        <span
          data-item-text=""
        >
          <span
            data-item-label=""
          >
            Dōjō
          </span>
           
          <!---->
        </span>
        <!---->
         
        <!---->
         
        <!---->
        <!---->
      </a>
      
      <!---->
      <a
        data-level="2"
        data-list-item=""
        data-path="3-6"
        href="/dojo/sharing"
      >
        <!---->
        <!---->
        <!---->
        <span
          aria-hidden="true"
          data-item-icon-literal=""
        >
          群
        </span>
        
        
        <!---->
         
        <span
          data-item-text=""
        >
          <span
            data-item-label=""
          >
            Sharing
          </span>
           
          <!---->
        </span>
        <!---->
         
        <!---->
         
        <!---->
        <!---->
      </a>
      
      <!---->
      <a
        data-level="2"
        data-list-item=""
        data-path="3-7"
        href="/share-review"
      >
        <!---->
        <!---->
        <!---->
        <span
          aria-hidden="true"
          data-item-icon-literal=""
        >
          送
        </span>
        
        
        <!---->
         
        <span
          data-item-text=""
        >
          <span
            data-item-label=""
          >
            Share review
          </span>
           
          <!---->
        </span>
        <!---->
         
        <!---->
         
        <!---->
        <!---->
      </a>
      
      <!---->
      <hr
        data-list-separator=""
      />
      
      <!---->
      <a
        data-level="1"
        data-list-item=""
        data-path="5"
        href="/settings"
      >
        <!---->
        <!---->
        <!---->
        <span
          aria-hidden="true"
          data-item-icon-literal=""
        >
          調
        </span>
        
        
        <!---->
         
        <span
          data-item-text=""
        >
          <span
            data-item-label=""
          >
            Settings
          </span>
           
          <!---->
        </span>
        <!---->
         
        <!---->
         
        <!---->
        <!---->
      </a>
      
      
    </nav>
    <!---->
     
    <div
      class="flex-1"
    />
     
    <div
      class="border-t border-paper-edge pt-2 text-xs leading-relaxed"
    >
      <span
        class="font-mono text-ink-mute"
      >
        daemon · running
      </span>
      <br />
       
      <span
        class="font-mono text-ink-faint"
      >
        port 7744
      </span>
    </div>
  </aside>
  
</div>
`;
